// Jest Snapshot v1, https://goo.gl/fbAQLP

exports[`<SecondaryButton /> Should have correct text. 1`] = `
<button
  class="Button"
>
  Go Back
</button>
`;
