// Jest Snapshot v1, https://goo.gl/fbAQLP

exports[`<ValueSlider /> Should have correct text and have 2 children. 1`] = `
<div
  data-testid="Slider"
>
  <p>
    height
  </p>
  <span
    class="MuiSlider-root MuiSlider-colorPrimary"
  >
    <span
      class="MuiSlider-rail"
    />
    <span
      class="MuiSlider-track"
      style="left: 0%;"
    />
    <input
      type="hidden"
      value="NaN"
    />
    <span
      aria-orientation="horizontal"
      aria-valuemax="100"
      aria-valuemin="0"
      aria-valuenow="NaN"
      class="MuiSlider-thumb MuiSlider-thumbColorPrimary"
      data-index="0"
      role="slider"
      tabindex="0"
    />
  </span>
</div>
`;
