// Jest Snapshot v1, https://goo.gl/fbAQLP

exports[`<ErrorPage /> Should have correct text and have 2 children. 1`] = `
<div
  class="Layout"
  data-testid="Layout"
>
  <div
    class="Header"
  >
    <a
      href="/"
    >
      <h1>
        SHADOW GENERATOR
      </h1>
    </a>
  </div>
  <div
    class="childrenContainer"
  >
    <div
      class="errorContainer"
      data-testid="Error"
    >
      <h1
        class="error"
      >
        Sorry, an error has occured!
      </h1>
      <a
        href="/"
      >
        <button
          class="Button"
        >
          Go Back
        </button>
      </a>
    </div>
  </div>
  <div
    class="Footer"
  >
    <p>
      Created by
       
      <a
        href="https://portfolio-anna-senchikhina.netlify.com/"
        rel="noopener noreferrer"
        target="_blank"
      >
        Anna Senchikhina
      </a>
    </p>
  </div>
</div>
`;
