// Jest Snapshot v1, https://goo.gl/fbAQLP

exports[`<ShadowProps /> Should return 5 children and correct text. 1`] = `
<div
  class="ShadowProps"
  data-testid="shadowProps"
>
  <h1>
    SHADOW
  </h1>
  <div
    class="slider"
    data-testid="Slider"
  >
    <p>
      shift horizontically
    </p>
    <span
      class="MuiSlider-root MuiSlider-colorPrimary"
    >
      <span
        class="MuiSlider-rail"
      />
      <span
        class="MuiSlider-track"
        style="left: 0%; width: 55%;"
      />
      <input
        type="hidden"
        value="20"
      />
      <span
        aria-orientation="horizontal"
        aria-valuemax="200"
        aria-valuemin="-200"
        aria-valuenow="20"
        class="MuiSlider-thumb MuiSlider-thumbColorPrimary"
        data-index="0"
        role="slider"
        style="left: 55%;"
        tabindex="0"
      />
    </span>
  </div>
  <div
    class="slider"
    data-testid="Slider"
  >
    <p>
      shift vertically
    </p>
    <span
      class="MuiSlider-root MuiSlider-colorPrimary"
    >
      <span
        class="MuiSlider-rail"
      />
      <span
        class="MuiSlider-track"
        style="left: 0%; width: 57%;"
      />
      <input
        type="hidden"
        value="14"
      />
      <span
        aria-orientation="horizontal"
        aria-valuemax="100"
        aria-valuemin="-100"
        aria-valuenow="14"
        class="MuiSlider-thumb MuiSlider-thumbColorPrimary"
        data-index="0"
        role="slider"
        style="left: 57%;"
        tabindex="0"
      />
    </span>
  </div>
  <div
    class="slider"
    data-testid="Slider"
  >
    <p>
      blur
    </p>
    <span
      class="MuiSlider-root MuiSlider-colorPrimary"
    >
      <span
        class="MuiSlider-rail"
      />
      <span
        class="MuiSlider-track"
        style="left: 0%; width: 10%;"
      />
      <input
        type="hidden"
        value="10"
      />
      <span
        aria-orientation="horizontal"
        aria-valuemax="100"
        aria-valuemin="0"
        aria-valuenow="10"
        class="MuiSlider-thumb MuiSlider-thumbColorPrimary"
        data-index="0"
        role="slider"
        style="left: 10%;"
        tabindex="0"
      />
    </span>
  </div>
  <div
    class="slider"
    data-testid="Slider"
  >
    <p>
      opacity
    </p>
    <span
      class="MuiSlider-root MuiSlider-colorPrimary"
    >
      <span
        class="MuiSlider-rail"
      />
      <span
        class="MuiSlider-track"
        style="left: 0%; width: 100%;"
      />
      <input
        type="hidden"
        value="1"
      />
      <span
        aria-orientation="horizontal"
        aria-valuemax="1"
        aria-valuemin="0"
        aria-valuenow="1"
        class="MuiSlider-thumb MuiSlider-thumbColorPrimary"
        data-index="0"
        role="slider"
        style="left: 100%;"
        tabindex="0"
      />
    </span>
  </div>
</div>
`;
